------------------------------------------------------------
Timing Analyzer Summary
------------------------------------------------------------

Type  : Slow 1100mV 85C Model Setup 'clk'
Slack : -0.898
TNS   : -5.706

Type  : Slow 1100mV 85C Model Hold 'clk'
Slack : 0.226
TNS   : 0.000

Type  : Slow 1100mV 85C Model Minimum Pulse Width 'clk'
Slack : -0.724
TNS   : -9.152

Type  : Slow 1100mV 0C Model Setup 'clk'
Slack : -0.888
TNS   : -5.510

Type  : Slow 1100mV 0C Model Hold 'clk'
Slack : 0.299
TNS   : 0.000

Type  : Slow 1100mV 0C Model Minimum Pulse Width 'clk'
Slack : -0.724
TNS   : -8.180

Type  : Fast 1100mV 85C Model Setup 'clk'
Slack : 0.253
TNS   : 0.000

Type  : Fast 1100mV 85C Model Hold 'clk'
Slack : 0.142
TNS   : 0.000

Type  : Fast 1100mV 85C Model Minimum Pulse Width 'clk'
Slack : -0.055
TNS   : -0.379

Type  : Fast 1100mV 0C Model Setup 'clk'
Slack : 0.325
TNS   : 0.000

Type  : Fast 1100mV 0C Model Hold 'clk'
Slack : 0.152
TNS   : 0.000

Type  : Fast 1100mV 0C Model Minimum Pulse Width 'clk'
Slack : -0.078
TNS   : -0.540

------------------------------------------------------------
